exit: 0
--- stdout

  [1mcode-commandments[0m  dev-main

  [36mConfig ...............[0m .commandments/config.php (not yet written)
  [36mSource roots .........[0m .
  [36mBackend detectors ....[0m 76 running  ·  119 available
  [36mFrontend detectors ...[0m 15 running  ·  16 available
  [36mPython detectors .....[0m 66 running  ·  66 available
  [36mC# detectors .........[0m 54 running  ·  54 available
  [36mCustom detectors .....[0m 0
  [36mExemption packages ...[0m 2 built-in  ·  0 registered
  [36mSkills ...............[0m 64

  [2mRun `commandments config reindex` to re-detect the source roots.[0m


--- stderr

--- files
