exit: 0
--- stdout
[32m✓ disabled `python-dict-bag`.[0m

--- stderr

--- files
=== created .commandments/config.php
<?php

declare(strict_types=1);

use JesseGall\CodeCommandments\Config;

/*
 | code-commandments configuration.
 |
 | paths()   — the source roots judge and repent scan (auto-detected on first run; edit to
 |             adjust scope, or run `commandments config reindex`).
 | exclude() — subtract explicit paths ON TOP of paths(): a dir or file listed here is never a
 |             target (never reported, never rewritten), e.g. $config->exclude('app/Generated').
 | disable() — silence a rule by its Sin, Detector, or whole Skill class, or a Claude Code
 |             hook by its class (or use `commandments disable/enable <sin>`). The
 |             $disabledSkills / $disabledSins / $disabledHooks menus below list every one.
 |
 | Extend it inside the closure:
 |   $config->detector(\App\Commandments\NoRawSqlDetector::class);        — add your own finder
 |   $config->package(\App\Commandments\MyFrameworkPackage::class);       — register its exemptions
 |   $config->configure(fn (DeepNestedDetector $d) => $d->maxDepth(10));  — tune a threshold
 */

return function (Config $config): void {
    $config->paths('src');

    $config->disable(
        // \JesseGall\CodeCommandments\Sins\Backend\SwallowCatch::class,
        \JesseGall\CodeCommandments\Sins\Python\DictBag::class,
    );
};

