exit: 0
--- stdout
[32m✓ Frozen run.py[0m — scanned for resolution, but never flagged or repented.

--- stderr

--- files
=== changed run.py
#!/usr/bin/env python
# @code-commandments-frozen — deliberately immutable; excluded from code-commandments judging & repent (run `commandments unfreeze` to lift).
x = 1

