exit: 0
--- stdout
{"hookSpecificOutput":{"hookEventName":"PostToolUse","additionalContext":"Code Commandments — `Order.php`, changed since the last check, breaks a rule. Fix it now, at its SOURCE, while the code is still in front of you:\n  • array-bag at <project>/src/Order.php:13\n    LOAD the skill `commandments-backend-value-objects` before fixing — load it even if you believe you already have.\n  • narrated-command at <project>/src/Order.php:7\n    LOAD the skill `commandments-backend-method-mood` before fixing — load it even if you believe you already have.\nRun `commandments info <sin>` if a rule is not one you recognise. This check reads a file at a time, so it is not the whole picture — `judge` still is."}}

--- stderr

--- files
=== changed .commandments/sessions/640d8/.authored-files
-----
<project>/src/Clean.php
<project>/src/Order.php
-----
Code-commandments — the judged files this session changed, so the judge reminder counts only its own.

Between the dividers is the list: one absolute file path per line

Safe to delete — the reminder stays silent until the session changes a judged file again.

=== changed .commandments/sessions/640d8/.reported-findings
-----
<project>/src/Order.php	array-bag at <project>/src/Order.php:13
<project>/src/Order.php	narrated-command at <project>/src/Order.php:7
-----
Code-commandments — the findings the per-edit check has already named this session, so each is said once.

Between the dividers is the list: one finding per line: the file, a tab, then the finding as it was named

Safe to delete — the findings still standing are named once more.

