exit: 0
--- stdout
{"decision":"block","reason":"Code Commandments — that rebases a branch 1 other worktree(s) are standing on:\n\n  • <project>/.wt/other\n\nA rebase rewrites the commits they are built on, so each ends up carrying commits this branch\nno longer has — and the duplicates are byte-identical, so nothing looks wrong until a merge.\nUse `git pull --ff-only`, or merge, and let them fast-forward."}

--- stderr

--- files
=== created .commandments/sessions/640d8/.authored-stamps
-----
-----
Code-commandments — the changed judged files and their times when the session's last shell command started.

Between the dividers is the list: a file path, a tab, then its modification time in nanoseconds

Safe to delete — the next shell command's changes are not counted as the session's.

