exit: 0
--- stdout

[1mprop-drilling[0m  [2mfrontend/vue-components[0m
  A prop forwarded through a chain of 2+ components, none of which read it — passed down
  through components that only pass it further.

[33mWhy it is a sin[0m

  Three forms of one rule: **a chunk of template that repeats, that reaches deep into
  data, or that is one case of a dispatch rendering a whole view, is a component trying to
  get out.** Pull it into its own file, pass it what it needs as props, and use it by
  name.

[33mHow to fix it[0m

  Don't thread a prop through a component that doesn't use it; provide/inject it, or give
  the child the data directly.

[33mExample[0m

  ```vue
  ----------[ Bad ]----------
  
  <NotificationBell :items="notifications" />
  
  ----------[ Good ]----------
  
  <!-- in AccountMenu.vue -->
  <UserAvatar :src="avatarUrl" />
  
  <!-- in UserAvatar.vue -->
  <img :src="src" alt="" />
  ```

[33mCommands[0m

  [36mLearn     [0m load the skill [1mcommandments-frontend-vue-components[0m
  [36mFind it   [0m commandments judge --sin=prop-drilling
  [36mTurn off  [0m commandments disable prop-drilling
  [36mWrong?    [0m commandments report --detector=PropDrillingDetector --reason="…" --ref=PATH:LINE


--- stderr

--- files
