exit: 0
--- stdout
{"whisper":"Code Commandments — the edit you just made to `Order.php` breaks a rule. Fix it now, at its SOURCE, while the code is still in front of you:\n  • array-bag at <project>/src/Order.php:13\n    LOAD the skill `commandments-backend-value-objects` before fixing — load it even if you believe you already have.\n  • narrated-command at <project>/src/Order.php:7\n    LOAD the skill `commandments-backend-method-mood` before fixing — load it even if you believe you already have.\nRun `commandments info <sin>` if a rule is not one you recognise. This check reads a file at a time, so it is not the whole picture — `judge` still is.","raise":[{"event":"sin-found","brief":"array-bag at src/Order.php:13","open":"sins/sin/array-bag/src/Order.php","key":"sin:648cb33c6b7ba4975466e56c21113fde1d929cd8"},{"event":"sin-found","brief":"narrated-command at src/Order.php:7","open":"sins/sin/narrated-command/src/Order.php","key":"sin:1807e695fad9f1171cb4439b15430c37bbc548da"}]}

--- stderr

--- files
=== created .commandments/sessions/640d8/.authored-files
-----
<project>/src/Order.php
-----
Code-commandments — the judged files this session changed, so the judge reminder counts only its own.

Between the dividers is the list: one absolute file path per line

Safe to delete — the reminder stays silent until the session changes a judged file again.

=== created .commandments/sessions/640d8/.reported-findings
-----
<project>/src/Order.php	array-bag at <project>/src/Order.php:13
<project>/src/Order.php	narrated-command at <project>/src/Order.php:7
-----
Code-commandments — the findings the per-edit check has already named this session, so each is said once.

Between the dividers is the list: one finding per line: the file, a tab, then the finding as it was named

Safe to delete — the findings still standing are named once more.

=== created .commandments/sessions/640d8/.touched-sources
marked-at: <time>
-----
Code-commandments — where the `edits` watcher has looked up to.

The block above the first divider is this file's state, one `name: value` per line:
  marked-at  the unix time of the last look; a judged file newer than this is one a tool has changed since

Safe to delete — it regenerates.

