exit: 0
--- stdout
[32m✓ No sins found in 0 files.[0m

--- stderr
⚠ 184 C# file(s) left unread — the C# bridge image ghcr.io/jessegall/code-commandments-roslyn:96f5eb3dad14f3e7 is not available (Docker is not running, or the image is not pulled), so C# is not judged; it is pulled, never built on this machine: docker pull ghcr.io/jessegall/code-commandments-roslyn:96f5eb3dad14f3e7

--- files
