exit: 1
--- stdout

[1;33mbackend/documentation[0m  (2)
  [1;36m↳ LOAD the skill `commandments-backend-documentation` before fixing[0m
    [2mDon't fix from memory. If you think it's already loaded, assume it is NOT — a compaction may have dropped it — and load it again to be sure.[0m
  [36mapp/Support/FeatureGate.php:21[0m  Shop\Support\FeatureGate  [2m[InlineDocblockDetector][0m
  [36mapp/Webhooks/PaymentEventHandler.php:31[0m  Shop\Webhooks\PaymentEventHandler::handle  [2m[ArchaeologyCommentDetector][0m
  [32m↳ auto-fixable: vendor/bin/commandments repent --repent=latest --sin=inline-docblock[0m

[1;33mbackend/enums-with-behaviour[0m  (1)
  [1;36m↳ LOAD the skill `commandments-backend-enums-with-behaviour` before fixing[0m
    [2mDon't fix from memory. If you think it's already loaded, assume it is NOT — a compaction may have dropped it — and load it again to be sure.[0m
  [36mapp/Support/FeatureGate.php:66[0m  Shop\Support\FeatureGate::enabled  [2m[MatchDefaultReturnsNullDetector][0m

[1;33mbackend/exceptions[0m  (2)
  [1;36m↳ LOAD the skill `commandments-backend-exceptions` before fixing[0m
    [2mDon't fix from memory. If you think it's already loaded, assume it is NOT — a compaction may have dropped it — and load it again to be sure.[0m
  [36mapp/Webhooks/PaymentEventHandler.php:33[0m  Shop\Webhooks\PaymentEventHandler::handle  [2m[GenericExceptionDetector][0m
  [36mapp/Webhooks/PaymentEventHandler.php:33[0m  Shop\Webhooks\PaymentEventHandler::handle  [2m[MessageAtThrowDetector][0m

[1;33mbackend/guard-clauses-and-flow[0m  (1)
  [1;36m↳ LOAD the skill `commandments-backend-guard-clauses-and-flow` before fixing[0m
    [2mDon't fix from memory. If you think it's already loaded, assume it is NOT — a compaction may have dropped it — and load it again to be sure.[0m
  [36mapp/Webhooks/PaymentEventHandler.php:33[0m  Shop\Webhooks\PaymentEventHandler::handle  [2m[InlineThrowDetector][0m

[1;33mbackend/method-mood[0m  (1)
  [1;36m↳ LOAD the skill `commandments-backend-method-mood` before fixing[0m
    [2mDon't fix from memory. If you think it's already loaded, assume it is NOT — a compaction may have dropped it — and load it again to be sure.[0m
  [36mapp/Support/FeatureGate.php:28[0m  Shop\Support\FeatureGate::tracks  [2m[BareStatePredicateDetector][0m

[1;33mbackend/type-honesty[0m  (1)
  [1;36m↳ LOAD the skill `commandments-backend-type-honesty` before fixing[0m
    [2mDon't fix from memory. If you think it's already loaded, assume it is NOT — a compaction may have dropped it — and load it again to be sure.[0m
  [36mapp/Support/FeatureGate.php:40[0m  Shop\Support\FeatureGate::factory  [2m[RedundantArrowReturnTypeDetector][0m
  [32m↳ auto-fixable: vendor/bin/commandments repent --repent=latest --sin=redundant-arrow-return-type[0m

[1;33mbackend/value-objects[0m  (2)
  [1;36m↳ LOAD the skill `commandments-backend-value-objects` before fixing[0m
    [2mDon't fix from memory. If you think it's already loaded, assume it is NOT — a compaction may have dropped it — and load it again to be sure.[0m
  [36mapp/Webhooks/PaymentEventHandler.php:31[0m  Shop\Webhooks\PaymentEventHandler::handle  [2m[ArrayBagDetector][0m
  [36mapp/Webhooks/PaymentEventHandler.php:33[0m  Shop\Webhooks\PaymentEventHandler::handle  [2m[ArrayBagDetector][0m

[1m10 sins[0m across 7 skills.
[2m↳ the rule above all: trace each sin to where the value is BORN and fix it THERE — read fix-at-the-source.[0m
[2m↳ don't recognise a rule above? `vendor/bin/commandments info <sin>` — what it flags, why it is a sin, the fix, an example.[0m
[2m↳ checklist written to sins.md — fix each item, then delete its line[0m

--- stderr

--- files
=== created sins.md
# Code Commandments — 10 sins to fix

> 🔱 **The rule above all — `fix-at-the-source`.** Every sin below is a SYMPTOM. Before you change a line, trace the value to where it is BORN and fix it there; the symptom (and often others) then disappears on its own. Never silence it with a `?? default`, a cast, or a null-check.

**This file is your worklist. Work it straight down, deleting as you go — do NOT stop to re-check.** For each line, top to bottom, do exactly this:

1. **LOAD the skill named in the section header.** It teaches the fix; do NOT fix from memory. Even if you believe you already loaded it, treat it as NOT loaded (a context compaction may have silently dropped its instructions while leaving you the impression they're still there) and load it again before touching the section. Once per section is enough.
   _Don't recognise the rule, or about to argue with it? Run `vendor/bin/commandments info <sin>` first — it prints what the rule flags, WHY it is a sin, how it is fixed, and a worked example. The detector name from the line works as the argument. Guessing at a rule you have not read is how a finding gets silenced instead of fixed._
2. Open the `file:line` and fix the sin at its source.
3. **Delete that line from this file.** Nothing else — no tick, no mark, no strike-through. The deleted line IS the record that it's fixed.

**Do NOT re-run `judge`, re-scan, or re-verify between fixes.** That is slow and pointless: the shrinking file is your only source of truth, and each deleted line is its own confirmation. Do not pause to check your work — just fix, delete, and move to the next line until none remain.

Work **wave by wave.** ONLY when this list is EMPTY, run `commandments judge` again. If your fixes rippled into other files, it writes a fresh worklist — a new wave; work it exactly the same way (fix, delete, no re-checks between). Repeat, judging only between waves, until a run is clean and deletes this file.

## backend/documentation

> ▶ **LOAD the skill `commandments-backend-documentation` before fixing.** It teaches every fix below. Don't work from memory, and don't assume it's still loaded from earlier — a compaction can drop it silently — load it again if in any doubt.

> ✎ Auto-fixable — run `vendor/bin/commandments repent --repent=latest --sin=inline-docblock` to repent these for you.

- `./app/Support/FeatureGate.php:21`  Shop\Support\FeatureGate  [InlineDocblockDetector]
- `./app/Webhooks/PaymentEventHandler.php:31`  Shop\Webhooks\PaymentEventHandler::handle  [ArchaeologyCommentDetector]

## backend/enums-with-behaviour

> ▶ **LOAD the skill `commandments-backend-enums-with-behaviour` before fixing.** It teaches every fix below. Don't work from memory, and don't assume it's still loaded from earlier — a compaction can drop it silently — load it again if in any doubt.

- `./app/Support/FeatureGate.php:66`  Shop\Support\FeatureGate::enabled  [MatchDefaultReturnsNullDetector]

## backend/exceptions

> ▶ **LOAD the skill `commandments-backend-exceptions` before fixing.** It teaches every fix below. Don't work from memory, and don't assume it's still loaded from earlier — a compaction can drop it silently — load it again if in any doubt.

- `./app/Webhooks/PaymentEventHandler.php:33`  Shop\Webhooks\PaymentEventHandler::handle  [GenericExceptionDetector]
- `./app/Webhooks/PaymentEventHandler.php:33`  Shop\Webhooks\PaymentEventHandler::handle  [MessageAtThrowDetector]

## backend/guard-clauses-and-flow

> ▶ **LOAD the skill `commandments-backend-guard-clauses-and-flow` before fixing.** It teaches every fix below. Don't work from memory, and don't assume it's still loaded from earlier — a compaction can drop it silently — load it again if in any doubt.

- `./app/Webhooks/PaymentEventHandler.php:33`  Shop\Webhooks\PaymentEventHandler::handle  [InlineThrowDetector]

## backend/method-mood

> ▶ **LOAD the skill `commandments-backend-method-mood` before fixing.** It teaches every fix below. Don't work from memory, and don't assume it's still loaded from earlier — a compaction can drop it silently — load it again if in any doubt.

- `./app/Support/FeatureGate.php:28`  Shop\Support\FeatureGate::tracks  [BareStatePredicateDetector]

## backend/type-honesty

> ▶ **LOAD the skill `commandments-backend-type-honesty` before fixing.** It teaches every fix below. Don't work from memory, and don't assume it's still loaded from earlier — a compaction can drop it silently — load it again if in any doubt.

> ✎ Auto-fixable — run `vendor/bin/commandments repent --repent=latest --sin=redundant-arrow-return-type` to repent these for you.

- `./app/Support/FeatureGate.php:40`  Shop\Support\FeatureGate::factory  [RedundantArrowReturnTypeDetector]

## backend/value-objects

> ▶ **LOAD the skill `commandments-backend-value-objects` before fixing.** It teaches every fix below. Don't work from memory, and don't assume it's still loaded from earlier — a compaction can drop it silently — load it again if in any doubt.

- `./app/Webhooks/PaymentEventHandler.php:31`  Shop\Webhooks\PaymentEventHandler::handle  [ArrayBagDetector]
- `./app/Webhooks/PaymentEventHandler.php:33`  Shop\Webhooks\PaymentEventHandler::handle  [ArrayBagDetector]

