exit: 0
--- stdout
--- a/<project>/components/OrderStatusBadge.vue
+++ b/<project>/components/OrderStatusBadge.vue
@@ -5,13 +5,12 @@
 <template>
   <!-- @sin SwitchCase -->
   <!-- @sin ControlFlowOnElement -->
-  <span v-if="status === 'paid'" class="badge badge-green">Paid</span>
-  <!-- @sin ControlFlowOnElement -->
-  <span v-else-if="status === 'pending'" class="badge badge-amber">Pending</span>
-  <!-- @sin ControlFlowOnElement -->
-  <span v-else-if="status === 'refunded'" class="badge badge-grey">Refunded</span>
-  <!-- @sin ControlFlowOnElement -->
-  <span v-else class="badge">Unknown</span>
+  <SwitchCase :value="status">
+      <template #paid><span class="badge badge-green">Paid</span></template>
+      <template #pending><span class="badge badge-amber">Pending</span></template>
+      <template #refunded><span class="badge badge-grey">Refunded</span></template>
+      <template #default><span class="badge">Unknown</span></template>
+  </SwitchCase>
 
   <!-- @fixed SwitchCase -->
   <!-- @righteous SwitchCase -->
--- a/<project>/components/CheckoutStep.vue
+++ b/<project>/components/CheckoutStep.vue
@@ -15,11 +15,11 @@
     <section class="checkout__panel">
       <!-- @sin SwitchCase -->
       <!-- @sin ControlFlowOnElement -->
-      <CartReview v-if="step === 1" />
-      <!-- @sin ControlFlowOnElement -->
-      <ShippingForm v-else-if="step === 2" />
-      <!-- @sin ControlFlowOnElement -->
-      <PaymentForm v-else-if="step === 3" />
+      <SwitchCase :value="step">
+          <template #1><CartReview /></template>
+          <template #2><ShippingForm /></template>
+          <template #3><PaymentForm /></template>
+      </SwitchCase>
     </section>
 
     <!-- Assigning the `dismissed` PROP in a handler — a silent no-op. -->
--- a/<project>/components/RefundWizard.vue
+++ b/<project>/components/RefundWizard.vue
@@ -9,7 +9,8 @@
 <template>
   <!-- @sin InlineCaseViews -->
   <!-- @sin SwitchCase -->
-  <template v-if="step === 'reason'">
+  <SwitchCase :value="step">
+      <template #reason>
     <form class="reason" @submit.prevent="step = 'review'">
       <fieldset>
         <legend>Why are you returning it?</legend>
@@ -20,7 +21,7 @@
       <button type="submit">Next</button>
     </form>
   </template>
-  <template v-else-if="step === 'review'">
+      <template #review>
     <div class="review">
       <dl>
         <dt>Reason</dt>
@@ -31,7 +32,8 @@
       <menu><button @click="step = 'done'">Confirm</button></menu>
     </div>
   </template>
-  <template v-else>
+      <template #default>
     <p>Your refund is on its way.</p>
   </template>
+  </SwitchCase>
 </template>
--- a/<project>/components/ProductCell.vue
+++ b/<project>/components/ProductCell.vue
@@ -5,15 +5,17 @@
 <template>
   <td class="cell">
     <!-- @sin SwitchCase -->
-    <template v-if="column === 'price'">
+    <SwitchCase :value="column">
+        <template #price>
       <strong>{{ '$' }}</strong>
       <PriceTag />
     </template>
-    <template v-else-if="column === 'stock'">
+        <template #stock>
       <StockLevel />
     </template>
-    <template v-else>
+        <template #default>
       <span class="muted">—</span>
     </template>
+    </SwitchCase>
   </td>
 </template>
[2m↳ Judge THIS diff on its own. The auto-fixers change every release, so never skip a repent from a
  past result or a remembered "this fix is broken" — and don't record one as permanently broken;
  re-run `--dry-run` and read the CURRENT output. If a fix is genuinely broken, incomplete, or wrong,
  file it (don't just discard it): `commandments report --reason="…" --ref=path:line` (source AND bad output).[0m

--- stderr

--- files
=== created .commandments/config.json
{
    "$schema": "./config.schema.json",
    "paths": [
        "."
    ]
}

