exit: 0
--- stdout
https://github.com/jessegall/code-commandments/issues/1

--- stderr

--- files
=== created gh-args.txt
issue
----
create
----
--repo
----
jessegall/code-commandments
----
--title
----
[bug-report] A title
----
--body
----
**Report:**
wrong

**Where:** `A.php:5`

**Where:** `B.vue:2-3`

**Where:** `missing.ts:9`

**Where:** `A.php`

_Filed via `commandments report` from a consumer project, on code-commandments dev._

----

