exit: 0
--- stdout
  d0941    other      <time>  Port the CLI
  zzzzz               <time>  (ORPHAN — nothing points here; `session adopt zzzzz`)
  review   named-id   <time>  (nothing said yet)
  61bdc    parity     <time>  fix the gate
  default             <time>  (no transcript found)

--- stderr

--- files
